// Jest Snapshot v1, https://jestjs.io/docs/snapshot-testing

exports[`<Dialog /> should render the content 1`] = `
{
  "asFragment": [Function],
  "baseElement": <body>
    <div>
      <div
        class="background-0-3-3"
        style="z-index: 300;"
      >
        <div
          class="dialog-0-3-4 small"
        >
          <div
            class="header-0-3-5"
          >
            <h5
              class="title-0-3-7"
            >
              Dialog Title
            </h5>
            <button
              aria-label="Close"
              class="button-0-3-8 close-0-3-6"
              data-testid="close-button"
              type="button"
            >
              <img
                alt=""
                src="icon-close.svg"
              />
            </button>
          </div>
          <span
            class="description-0-3-1"
          >
            Some text
          </span>
          <div
            class="actions-0-3-2"
          >
            <span
              class="hsbutton borderless"
            >
              Cancel
            </span>
            <span
              class="hsbutton"
            >
              Confirm
            </span>
          </div>
        </div>
      </div>
    </div>
  </body>,
  "container": <div>
    <div
      class="background-0-3-3"
      style="z-index: 300;"
    >
      <div
        class="dialog-0-3-4 small"
      >
        <div
          class="header-0-3-5"
        >
          <h5
            class="title-0-3-7"
          >
            Dialog Title
          </h5>
          <button
            aria-label="Close"
            class="button-0-3-8 close-0-3-6"
            data-testid="close-button"
            type="button"
          >
            <img
              alt=""
              src="icon-close.svg"
            />
          </button>
        </div>
        <span
          class="description-0-3-1"
        >
          Some text
        </span>
        <div
          class="actions-0-3-2"
        >
          <span
            class="hsbutton borderless"
          >
            Cancel
          </span>
          <span
            class="hsbutton"
          >
            Confirm
          </span>
        </div>
      </div>
    </div>
  </div>,
  "debug": [Function],
  "findAllByAltText": [Function],
  "findAllByDisplayValue": [Function],
  "findAllByLabelText": [Function],
  "findAllByPlaceholderText": [Function],
  "findAllByRole": [Function],
  "findAllByTestId": [Function],
  "findAllByText": [Function],
  "findAllByTitle": [Function],
  "findByAltText": [Function],
  "findByDisplayValue": [Function],
  "findByLabelText": [Function],
  "findByPlaceholderText": [Function],
  "findByRole": [Function],
  "findByTestId": [Function],
  "findByText": [Function],
  "findByTitle": [Function],
  "getAllByAltText": [Function],
  "getAllByDisplayValue": [Function],
  "getAllByLabelText": [Function],
  "getAllByPlaceholderText": [Function],
  "getAllByRole": [Function],
  "getAllByTestId": [Function],
  "getAllByText": [Function],
  "getAllByTitle": [Function],
  "getByAltText": [Function],
  "getByDisplayValue": [Function],
  "getByLabelText": [Function],
  "getByPlaceholderText": [Function],
  "getByRole": [Function],
  "getByTestId": [Function],
  "getByText": [Function],
  "getByTitle": [Function],
  "queryAllByAltText": [Function],
  "queryAllByDisplayValue": [Function],
  "queryAllByLabelText": [Function],
  "queryAllByPlaceholderText": [Function],
  "queryAllByRole": [Function],
  "queryAllByTestId": [Function],
  "queryAllByText": [Function],
  "queryAllByTitle": [Function],
  "queryByAltText": [Function],
  "queryByDisplayValue": [Function],
  "queryByLabelText": [Function],
  "queryByPlaceholderText": [Function],
  "queryByRole": [Function],
  "queryByTestId": [Function],
  "queryByText": [Function],
  "queryByTitle": [Function],
  "rerender": [Function],
  "unmount": [Function],
}
`;
