// Jest Snapshot v1, https://jestjs.io/docs/snapshot-testing

exports[`<NavigatorClip /> renders the main component 1`] = `
{
  "asFragment": [Function],
  "baseElement": <body>
    <div>
      <div
        class=""
        style="position: relative;"
      >
        <span
          class="clip-0-3-5  "
        >
          <span
            class="icon-0-3-11"
          >
            <img
              alt=""
              class="accessory"
              src="icon-audio.svg"
              style="width: 18px; height: 18px;"
            />
          </span>
          <span
            class="name-0-3-12"
            data-testid="clip"
          >
            Sound effect
          </span>
        </span>
      </div>
    </div>
  </body>,
  "container": <div>
    <div
      class=""
      style="position: relative;"
    >
      <span
        class="clip-0-3-5  "
      >
        <span
          class="icon-0-3-11"
        >
          <img
            alt=""
            class="accessory"
            src="icon-audio.svg"
            style="width: 18px; height: 18px;"
          />
        </span>
        <span
          class="name-0-3-12"
          data-testid="clip"
        >
          Sound effect
        </span>
      </span>
    </div>
  </div>,
  "debug": [Function],
  "findAllByAltText": [Function],
  "findAllByDisplayValue": [Function],
  "findAllByLabelText": [Function],
  "findAllByPlaceholderText": [Function],
  "findAllByRole": [Function],
  "findAllByTestId": [Function],
  "findAllByText": [Function],
  "findAllByTitle": [Function],
  "findByAltText": [Function],
  "findByDisplayValue": [Function],
  "findByLabelText": [Function],
  "findByPlaceholderText": [Function],
  "findByRole": [Function],
  "findByTestId": [Function],
  "findByText": [Function],
  "findByTitle": [Function],
  "getAllByAltText": [Function],
  "getAllByDisplayValue": [Function],
  "getAllByLabelText": [Function],
  "getAllByPlaceholderText": [Function],
  "getAllByRole": [Function],
  "getAllByTestId": [Function],
  "getAllByText": [Function],
  "getAllByTitle": [Function],
  "getByAltText": [Function],
  "getByDisplayValue": [Function],
  "getByLabelText": [Function],
  "getByPlaceholderText": [Function],
  "getByRole": [Function],
  "getByTestId": [Function],
  "getByText": [Function],
  "getByTitle": [Function],
  "queryAllByAltText": [Function],
  "queryAllByDisplayValue": [Function],
  "queryAllByLabelText": [Function],
  "queryAllByPlaceholderText": [Function],
  "queryAllByRole": [Function],
  "queryAllByTestId": [Function],
  "queryAllByText": [Function],
  "queryAllByTitle": [Function],
  "queryByAltText": [Function],
  "queryByDisplayValue": [Function],
  "queryByLabelText": [Function],
  "queryByPlaceholderText": [Function],
  "queryByRole": [Function],
  "queryByTestId": [Function],
  "queryByText": [Function],
  "queryByTitle": [Function],
  "rerender": [Function],
  "unmount": [Function],
}
`;
