// Jest Snapshot v1, https://jestjs.io/docs/snapshot-testing

exports[`<TutorialEditor /> renders the main component 1`] = `
{
  "asFragment": [Function],
  "baseElement": <body>
    <div>
      <div
        class="container-0-3-1"
      >
        <div
          class="navigatorHeader-0-3-2"
        >
          <img
            alt=""
            class="accessory"
            src="icon-tutorial.svg"
            style="margin-right: 14px;"
          />
          <span
            style="margin-right: auto;"
          >
            Tutorial
          </span>
        </div>
        <div
          class="scrollbar clips-0-3-3 "
          data-testid="navigator"
        >
          <div
            class="group-0-3-7"
          >
            <div
              class="clipHeaderTutorialContainer-0-3-9"
            >
              <span
                class="clipHeader-0-3-8 tutorial  "
              >
                <span
                  class="icon-0-3-11"
                >
                  <div
                    class="circle-0-3-22"
                  />
                </span>
                <span
                  class="name-0-3-12"
                >
                  group
                </span>
                <span
                  class="icon-0-3-11"
                  style="transform: scaleY(-1);"
                >
                  <img
                    alt=""
                    class="accessory"
                    src="group-chevron.svg"
                  />
                </span>
              </span>
            </div>
            <div
              style="display: flex; flex-direction: column;"
            >
              <div
                style="position: relative;"
              >
                <span
                  class="clip-0-3-5 tutorial pressed "
                >
                  <span
                    class="name-0-3-12"
                  >
                    clip1
                  </span>
                </span>
              </div>
              <div
                style="position: relative;"
              >
                <span
                  class="clip-0-3-5 tutorial  "
                >
                  <span
                    class="name-0-3-12"
                  >
                    clip2
                  </span>
                </span>
              </div>
            </div>
          </div>
          <div
            style="position: relative;"
          >
            <span
              class="clip-0-3-5 tutorial  "
            >
              <span
                class="name-0-3-12"
              >
                clip3
              </span>
            </span>
          </div>
          <div
            style="width: 100%; height: 0px; padding-top: 0px;"
          />
        </div>
      </div>
    </div>
  </body>,
  "container": <div>
    <div
      class="container-0-3-1"
    >
      <div
        class="navigatorHeader-0-3-2"
      >
        <img
          alt=""
          class="accessory"
          src="icon-tutorial.svg"
          style="margin-right: 14px;"
        />
        <span
          style="margin-right: auto;"
        >
          Tutorial
        </span>
      </div>
      <div
        class="scrollbar clips-0-3-3 "
        data-testid="navigator"
      >
        <div
          class="group-0-3-7"
        >
          <div
            class="clipHeaderTutorialContainer-0-3-9"
          >
            <span
              class="clipHeader-0-3-8 tutorial  "
            >
              <span
                class="icon-0-3-11"
              >
                <div
                  class="circle-0-3-22"
                />
              </span>
              <span
                class="name-0-3-12"
              >
                group
              </span>
              <span
                class="icon-0-3-11"
                style="transform: scaleY(-1);"
              >
                <img
                  alt=""
                  class="accessory"
                  src="group-chevron.svg"
                />
              </span>
            </span>
          </div>
          <div
            style="display: flex; flex-direction: column;"
          >
            <div
              style="position: relative;"
            >
              <span
                class="clip-0-3-5 tutorial pressed "
              >
                <span
                  class="name-0-3-12"
                >
                  clip1
                </span>
              </span>
            </div>
            <div
              style="position: relative;"
            >
              <span
                class="clip-0-3-5 tutorial  "
              >
                <span
                  class="name-0-3-12"
                >
                  clip2
                </span>
              </span>
            </div>
          </div>
        </div>
        <div
          style="position: relative;"
        >
          <span
            class="clip-0-3-5 tutorial  "
          >
            <span
              class="name-0-3-12"
            >
              clip3
            </span>
          </span>
        </div>
        <div
          style="width: 100%; height: 0px; padding-top: 0px;"
        />
      </div>
    </div>
  </div>,
  "debug": [Function],
  "findAllByAltText": [Function],
  "findAllByDisplayValue": [Function],
  "findAllByLabelText": [Function],
  "findAllByPlaceholderText": [Function],
  "findAllByRole": [Function],
  "findAllByTestId": [Function],
  "findAllByText": [Function],
  "findAllByTitle": [Function],
  "findByAltText": [Function],
  "findByDisplayValue": [Function],
  "findByLabelText": [Function],
  "findByPlaceholderText": [Function],
  "findByRole": [Function],
  "findByTestId": [Function],
  "findByText": [Function],
  "findByTitle": [Function],
  "getAllByAltText": [Function],
  "getAllByDisplayValue": [Function],
  "getAllByLabelText": [Function],
  "getAllByPlaceholderText": [Function],
  "getAllByRole": [Function],
  "getAllByTestId": [Function],
  "getAllByText": [Function],
  "getAllByTitle": [Function],
  "getByAltText": [Function],
  "getByDisplayValue": [Function],
  "getByLabelText": [Function],
  "getByPlaceholderText": [Function],
  "getByRole": [Function],
  "getByTestId": [Function],
  "getByText": [Function],
  "getByTitle": [Function],
  "queryAllByAltText": [Function],
  "queryAllByDisplayValue": [Function],
  "queryAllByLabelText": [Function],
  "queryAllByPlaceholderText": [Function],
  "queryAllByRole": [Function],
  "queryAllByTestId": [Function],
  "queryAllByText": [Function],
  "queryAllByTitle": [Function],
  "queryByAltText": [Function],
  "queryByDisplayValue": [Function],
  "queryByLabelText": [Function],
  "queryByPlaceholderText": [Function],
  "queryByRole": [Function],
  "queryByTestId": [Function],
  "queryByText": [Function],
  "queryByTitle": [Function],
  "rerender": [Function],
  "unmount": [Function],
}
`;
